// Jest Snapshot v1, https://goo.gl/fbAQLP

exports[`<Home /> renders correctly 1`] = `
<RCTSafeAreaView
  style={
    Object {
      "alignItems": "center",
      "backgroundColor": "#fff",
      "flex": 1,
      "justifyContent": "center",
    }
  }
>
  <View
    accessible={true}
    collapsable={false}
    focusable={true}
    onClick={[Function]}
    onResponderGrant={[Function]}
    onResponderMove={[Function]}
    onResponderRelease={[Function]}
    onResponderTerminate={[Function]}
    onResponderTerminationRequest={[Function]}
    onStartShouldSetResponder={[Function]}
    style={
      Object {
        "opacity": 1,
      }
    }
  >
    <View
      style={Object {}}
    >
      <Text
        style={
          Object {
            "fontSize": 18,
          }
        }
      >
        Home Screen
      </Text>
    </View>
  </View>
</RCTSafeAreaView>
`;
